  0 ActiveX.pas              
  1 BCCSoftwareConst.pas     
  2 Classes.pas              
  3 ComCtrls.pas             
  4 CommCtrl.pas             
  5 ComObj.pas               
  6 Controls.pas             
  7 Dialogs.pas              
  8 ExtCtrls.pas             
  9 FileCtrl.pas             
 10 FindUsedUnits.dpr        Forms.pas, STStrL.pas, uUsedUnits.pas
 11 Forms.pas                
 12 Graphics.pas             
 13 Menus.pas                
 14 Messages.pas             
 15 Printers.pas             
 16 Registry.pas             
 17 Screens.pas              Forms.pas, Windows.pas
 18 Security.pas             Windows.pas
 19 SHBrowse.pas             Classes.pas, ShlObj.pas, Windows.pas, Forms.pas, ActiveX.pas, ComObj.pas, SysUtils.pas, 
                             BCCSoftwareConst.pas
 20 ShlObj.pas               
 21 SoftReg.pas              Classes.pas, ComCtrls.pas, Controls.pas, ExtCtrls.pas, Forms.pas, StdCtrls.pas, SysUtils.pas, 
                             Windows.pas, CommCtrl.pas, FileCtrl.pas, Printers.pas, Registry.pas, BCCSoftwareConst.pas, 
                             Screens.pas, Security.pas
 22 StdCtrls.pas             
 23 STStrL.pas               
 24 SysUtils.pas             
 25 uUsedUnits.pas           Windows.pas, Messages.pas, SysUtils.pas, Classes.pas, Graphics.pas, Controls.pas, Forms.pas, 
                             Dialogs.pas, StdCtrls.pas, ExtCtrls.pas, ComCtrls.pas, SHBrowse.pas, SoftReg.pas, Menus.pas, StStrL.pas
 26 Windows.pas              
